00000000: 00100110 00000000 00000000 00000000 01100001           &...a
