00000000: 01110010 00000000 00000000 00000000 01100001           r...a
